[INFO] raised RLIMIT_NOFILE to 1048576
Can't exec "openssl": No such file or directory at /usr/local/share/h2o/fetch-ocsp-response line 140.
Can't exec "openssl": No such file or directory at /usr/local/share/h2o/fetch-ocsp-response line 140.
failed to invoke openssl:No such file or directory at /usr/local/share/h2o/fetch-ocsp-response line 140.
failed to invoke openssl:No such file or directory at /usr/local/share/h2o/fetch-ocsp-response line 140.
Can't exec "openssl": No such file or directory at /usr/local/share/h2o/fetch-ocsp-response line 140.
Can't exec "openssl": No such file or directory at /usr/local/share/h2o/fetch-ocsp-response line 140.
Can't exec "openssl": No such file or directory at /usr/local/share/h2o/fetch-ocsp-response line 140.
failed to invoke openssl:No such file or directory at /usr/local/share/h2o/fetch-ocsp-response line 140.
failed to invoke openssl:No such file or directory at /usr/local/share/h2o/fetch-ocsp-response line 140.
failed to invoke openssl:No such file or directory at /usr/local/share/h2o/fetch-ocsp-response line 140.
Can't exec "openssl": No such file or directory at /usr/local/share/h2o/fetch-ocsp-response line 140.
failed to invoke openssl:No such file or directory at /usr/local/share/h2o/fetch-ocsp-response line 140.
[OCSP Stapling] disabled for certificate file:/certs/server.crt
h2o server (pid:1) is ready to serve requests with 8 threads
[OCSP Stapling] disabled for certificate file:/certs/server.crt
[OCSP Stapling] disabled for certificate file:/certs/server.crt
[OCSP Stapling] disabled for certificate file:/certs/server.crt
[OCSP Stapling] disabled for certificate file:/certs/server.crt
[OCSP Stapling] disabled for certificate file:/certs/server.crt
